export const snapshot = {};

snapshot[`Scan directories > Titles 1`] = `
[
  "depth",
  "title1",
]
`;

snapshot[`Scan directories > Chapters 1`] = `
[
  [
    1,
    [
      1,
    ],
  ],
  [
    2,
    [
      2,
      1,
    ],
  ],
]
`;

snapshot[`Scan directories 1`] = `
[
  {
    authors: [],
    chapters: [
      {
        pages: [
          {
            image: {
              ext: "png",
              id: "RDpcZGV2LWVudlxkZW5vXHJva2Fob25ccm9rYWhvbi1zZXJ2ZXJcdGVzdHNcdGVzdC1kaXJcb25lXGRlcHRoXHRpdGxlMlxjb3Zlci5wbmc",
              path: "tests\\\\test-dir\\\\one\\\\depth\\\\title2\\\\cover.png",
            },
            number: 1,
          },
        ],
        path: "tests\\\\test-dir\\\\one\\\\depth\\\\title2",
        title: "title2",
      },
    ],
    cover: {
      ext: "png",
      id: "RDpcZGV2LWVudlxkZW5vXHJva2Fob25ccm9rYWhvbi1zZXJ2ZXJcdGVzdHNcdGVzdC1kaXJcb25lXGRlcHRoXHRpdGxlMlxjb3Zlci5wbmc",
      path: "tests\\\\test-dir\\\\one\\\\depth\\\\title2\\\\cover.png",
    },
    path: "tests\\\\test-dir\\\\one\\\\depth",
    tags: [],
    title: "depth",
  },
  {
    authors: [],
    chapters: [
      {
        pages: [
          {
            image: {
              ext: "png",
              id: "RDpcZGV2LWVudlxkZW5vXHJva2Fob25ccm9rYWhvbi1zZXJ2ZXJcdGVzdHNcdGVzdC1kaXJcb25lXHRpdGxlMVxiYmJcMS5wbmc",
              path: "tests\\\\test-dir\\\\one\\\\title1\\\\bbb\\\\1.png",
            },
            number: 1,
          },
          {
            image: {
              ext: "png",
              id: "RDpcZGV2LWVudlxkZW5vXHJva2Fob25ccm9rYWhvbi1zZXJ2ZXJcdGVzdHNcdGVzdC1kaXJcb25lXHRpdGxlMVxiYmJcMi5wbmc",
              path: "tests\\\\test-dir\\\\one\\\\title1\\\\bbb\\\\2.png",
            },
            number: 2,
          },
        ],
        path: "tests\\\\test-dir\\\\one\\\\title1\\\\bbb",
        title: "bbb",
      },
      {
        pages: [
          {
            image: {
              ext: "png",
              id: "RDpcZGV2LWVudlxkZW5vXHJva2Fob25ccm9rYWhvbi1zZXJ2ZXJcdGVzdHNcdGVzdC1kaXJcb25lXHRpdGxlMVxjaGFwdGVyLTFcMS5wbmc",
              path: "tests\\\\test-dir\\\\one\\\\title1\\\\chapter-1\\\\1.png",
            },
            number: 1,
          },
        ],
        path: "tests\\\\test-dir\\\\one\\\\title1\\\\chapter-1",
        title: "chapter-1",
      },
    ],
    cover: {
      ext: "png",
      id: "RDpcZGV2LWVudlxkZW5vXHJva2Fob25ccm9rYWhvbi1zZXJ2ZXJcdGVzdHNcdGVzdC1kaXJcb25lXHRpdGxlMVxiYmJcMS5wbmc",
      path: "tests\\\\test-dir\\\\one\\\\title1\\\\bbb\\\\1.png",
    },
    path: "tests\\\\test-dir\\\\one\\\\title1",
    tags: [],
    title: "title1",
  },
]
`;
